// Jest Snapshot v1, https://goo.gl/fbAQLP

exports[`Article Page snapshot 1`] = `
<table
  className="table"
>
  <thead>
    <tr>
      <th>
        Name
      </th>
      <th>
        Email
      </th>
    </tr>
  </thead>
  <tbody>
    <tr>
      <td>
        Demo
      </td>
      <td>
        NA
      </td>
    </tr>
  </tbody>
</table>
`;

exports[`Article Page snapshot 2 1`] = `
<table
  className="table"
>
  <thead>
    <tr>
      <th>
        Name
      </th>
      <th>
        Email
      </th>
    </tr>
  </thead>
  <tbody>
    <tr>
      <td>
        Demo
      </td>
      <td>
        NA
      </td>
    </tr>
  </tbody>
</table>
`;

exports[`Article Page snapshot 3 1`] = `
<table
  className="table"
>
  <thead>
    <tr>
      <th>
        Name
      </th>
      <th>
        Email
      </th>
    </tr>
  </thead>
  <tbody>
    <tr>
      <td>
        Demo
      </td>
      <td>
        NA
      </td>
    </tr>
  </tbody>
</table>
`;
